current directory: /app/vendor/bundle/ruby/3.2.0/gems/yajl-ruby-1.4.3/ext/yajl
/usr/local/bin/ruby extconf.rb
creating Makefile

current directory: /app/vendor/bundle/ruby/3.2.0/gems/yajl-ruby-1.4.3/ext/yajl
make DESTDIR\= sitearchdir\=./.gem.20250817-1-4ma8aq sitelibdir\=./.gem.20250817-1-4ma8aq clean

current directory: /app/vendor/bundle/ruby/3.2.0/gems/yajl-ruby-1.4.3/ext/yajl
make DESTDIR\= sitearchdir\=./.gem.20250817-1-4ma8aq sitelibdir\=./.gem.20250817-1-4ma8aq
compiling yajl.c
compiling yajl_alloc.c
compiling yajl_buf.c
compiling yajl_encode.c
compiling yajl_ext.c
yajl_ext.c: In function ‘rb_yajl_parser_parse’:
yajl_ext.c:538:17: warning: variable ‘stat’ set but not used [-Wunused-but-set-variable]
  538 |     yajl_status stat;
      |                 ^~~~
yajl_ext.c: In function ‘Init_yajl’:
yajl_ext.c:1372:6: warning: old-style function definition [-Wold-style-definition]
 1372 | void Init_yajl() {
      |      ^~~~~~~~~
At top level:
cc1: note: unrecognized command-line option ‘-Wno-self-assign’ may have been intended to silence earlier diagnostics
cc1: note: unrecognized command-line option ‘-Wno-parentheses-equality’ may have been intended to silence earlier diagnostics
cc1: note: unrecognized command-line option ‘-Wno-constant-logical-operand’ may have been intended to silence earlier diagnostics
compiling yajl_gen.c
compiling yajl_lex.c
compiling yajl_parser.c
compiling yajl_version.c
linking shared-object yajl/yajl.so

current directory: /app/vendor/bundle/ruby/3.2.0/gems/yajl-ruby-1.4.3/ext/yajl
make DESTDIR\= sitearchdir\=./.gem.20250817-1-4ma8aq sitelibdir\=./.gem.20250817-1-4ma8aq install
/usr/bin/install -c -m 0755 yajl.so ./.gem.20250817-1-4ma8aq/yajl

current directory: /app/vendor/bundle/ruby/3.2.0/gems/yajl-ruby-1.4.3/ext/yajl
make DESTDIR\= sitearchdir\=./.gem.20250817-1-4ma8aq sitelibdir\=./.gem.20250817-1-4ma8aq clean
